// Jest Snapshot v1, https://goo.gl/fbAQLP

exports[`dom-hook-adapter-full 1`] = `"<h1>Hello, World!</h1><p>John</p>"`;

exports[`dom-hook-adapter-test 1`] = `"test"`;
